####################
# Gyrex Components #
####################
#
# This files lists all Gyrex components.

### features
feature@org.eclipse.gyrex.features=v20101124-1415,:pserver:anonymous@dev.eclipse.org:/cvsroot/technology,,org.eclipse.gyrex/releng/org.eclipse.gyrex.releng/features
feature@org.eclipse.gyrex.features.sdk=v20101108-1140,:pserver:anonymous@dev.eclipse.org:/cvsroot/technology,,org.eclipse.gyrex/releng/org.eclipse.gyrex.releng/features/org.eclipse.gyrex.features.sdk
feature@org.eclipse.gyrex.features.kernel=v20101108-1140,:pserver:anonymous@dev.eclipse.org:/cvsroot/technology,,org.eclipse.gyrex/releng/org.eclipse.gyrex.releng/features/org.eclipse.gyrex.features.kernel
feature@org.eclipse.gyrex.features.http=v20101108-1140,:pserver:anonymous@dev.eclipse.org:/cvsroot/technology,,org.eclipse.gyrex/releng/org.eclipse.gyrex.releng/features/org.eclipse.gyrex.features.http
feature@org.eclipse.gyrex.features.web=HEAD,:pserver:anonymous@dev.eclipse.org:/cvsroot/technology,,org.eclipse.gyrex/releng/org.eclipse.gyrex.releng/features/org.eclipse.gyrex.features.web
feature@org.eclipse.gyrex.features.admin=v20101108-1140,:pserver:anonymous@dev.eclipse.org:/cvsroot/technology,,org.eclipse.gyrex/releng/org.eclipse.gyrex.releng/features/org.eclipse.gyrex.features.admin
feature@org.eclipse.gyrex.features.server=v20101108-1140,:pserver:anonymous@dev.eclipse.org:/cvsroot/technology,,org.eclipse.gyrex/releng/org.eclipse.gyrex.releng/features/org.eclipse.gyrex.features.server
feature@org.eclipse.gyrex.features.modelandservices=v20101108-1315,:pserver:anonymous@dev.eclipse.org:/cvsroot/technology,,org.eclipse.gyrex/releng/org.eclipse.gyrex.releng/features/org.eclipse.gyrex.features.modelandservices

### dependency features
feature@org.eclipse.gyrex.features.dependencies.commons=v20101108-1140,:pserver:anonymous@dev.eclipse.org:/cvsroot/technology,,org.eclipse.gyrex/releng/org.eclipse.gyrex.releng/features/org.eclipse.gyrex.features.dependencies.commons
feature@org.eclipse.gyrex.features.dependencies.provisioning=v20101108-1140,:pserver:anonymous@dev.eclipse.org:/cvsroot/technology,,org.eclipse.gyrex/releng/org.eclipse.gyrex.releng/features/org.eclipse.gyrex.features.dependencies.provisioning
feature@org.eclipse.gyrex.features.dependencies.web=v20101108-1310,:pserver:anonymous@dev.eclipse.org:/cvsroot/technology,,org.eclipse.gyrex/releng/org.eclipse.gyrex.releng/features/org.eclipse.gyrex.features.dependencies.web
feature@org.eclipse.gyrex.features.dependencies.solr=v20101108-1140,:pserver:anonymous@dev.eclipse.org:/cvsroot/technology,,org.eclipse.gyrex/releng/org.eclipse.gyrex.releng/features/org.eclipse.gyrex.features.dependencies.solr
feature@org.eclipse.gyrex.features.dependencies.persistence=v20101108-1140,:pserver:anonymous@dev.eclipse.org:/cvsroot/technology,,org.eclipse.gyrex/releng/org.eclipse.gyrex.releng/features/org.eclipse.gyrex.features.dependencies.persistence

### Gyrex Kernel
#plugin@org.eclipse.gyrex.=HEAD,:pserver:anonymous@dev.eclipse.org:/cvsroot/technology,,org.eclipse.gyrex/platform/bundles/
plugin@org.eclipse.gyrex.boot=v20101110-1425,:pserver:anonymous@dev.eclipse.org:/cvsroot/technology,,org.eclipse.gyrex/platform/bundles/org.eclipse.gyrex.boot
plugin@org.eclipse.gyrex.boot.defaultroles=HEAD,:pserver:anonymous@dev.eclipse.org:/cvsroot/technology,,org.eclipse.gyrex/platform/bundles/org.eclipse.gyrex.boot.defaultroles
plugin@org.eclipse.gyrex.common=v20101108-1140,:pserver:anonymous@dev.eclipse.org:/cvsroot/technology,,org.eclipse.gyrex/platform/bundles/org.eclipse.gyrex.common
plugin@org.eclipse.gyrex.configuration=v20101109-0940,:pserver:anonymous@dev.eclipse.org:/cvsroot/technology,,org.eclipse.gyrex/platform/bundles/org.eclipse.gyrex.configuration
plugin@org.eclipse.gyrex.configuration.impl=v20101109-0940,:pserver:anonymous@dev.eclipse.org:/cvsroot/technology,,org.eclipse.gyrex/platform/bundles/org.eclipse.gyrex.configuration.impl
plugin@org.eclipse.gyrex.context=v20101111-1055,:pserver:anonymous@dev.eclipse.org:/cvsroot/technology,,org.eclipse.gyrex/platform/bundles/org.eclipse.gyrex.context
plugin@org.eclipse.gyrex.cloud=v20101122-1300,:pserver:anonymous@dev.eclipse.org:/cvsroot/technology,,org.eclipse.gyrex/platform/bundles/org.eclipse.gyrex.cloud
plugin@org.eclipse.gyrex.monitoring=v20101108-1140,:pserver:anonymous@dev.eclipse.org:/cvsroot/technology,,org.eclipse.gyrex/platform/bundles/org.eclipse.gyrex.monitoring
plugin@org.eclipse.gyrex.preferences=v20101122-1300,:pserver:anonymous@dev.eclipse.org:/cvsroot/technology,,org.eclipse.gyrex/platform/bundles/org.eclipse.gyrex.preferences

#plugin@org.eclipse.gyrex.=HEAD,:pserver:anonymous@dev.eclipse.org:/cvsroot/technology,,org.eclipse.gyrex/platform/bundles/org.eclipse.gyrex.

### Gyrex Logging
plugin@org.eclipse.gyrex.log=v20101108-1140,:pserver:anonymous@dev.eclipse.org:/cvsroot/technology,,org.eclipse.gyrex/platform/bundles/org.eclipse.gyrex.log
fragment@org.eclipse.gyrex.log.slf4j.integration=v20100607-1005,:pserver:anonymous@dev.eclipse.org:/cvsroot/technology,,org.eclipse.gyrex/platform/bundles/org.eclipse.gyrex.log.slf4j.integration

### Framework Log Hook
fragment@org.eclipse.gyrex.log.frameworklogadapter=v20101108-1140,:pserver:anonymous@dev.eclipse.org:/cvsroot/technology,,org.eclipse.gyrex/platform/bundles/org.eclipse.gyrex.log.frameworklogadapter


### Gyrex Admin
plugin@org.eclipse.gyrex.admin=v20101111-1055,:pserver:anonymous@dev.eclipse.org:/cvsroot/technology,,org.eclipse.gyrex/platform/bundles/org.eclipse.gyrex.admin
plugin@org.eclipse.gyrex.admin.web.gwt=v20101110-1210,:pserver:anonymous@dev.eclipse.org:/cvsroot/technology,,org.eclipse.gyrex/platform/bundles/org.eclipse.gyrex.admin.web.gwt
plugin@org.eclipse.gyrex.admin.web.gwt.client=v20101108-1140,:pserver:anonymous@dev.eclipse.org:/cvsroot/technology,,org.eclipse.gyrex/platform/bundles/org.eclipse.gyrex.admin.web.gwt.client

### Gyrex HTTP Component
plugin@org.eclipse.gyrex.http=v20101118-0940,:pserver:anonymous@dev.eclipse.org:/cvsroot/technology,,org.eclipse.gyrex/platform/bundles/org.eclipse.gyrex.http
plugin@org.eclipse.gyrex.http.registry=v20101108-1140,:pserver:anonymous@dev.eclipse.org:/cvsroot/technology,,org.eclipse.gyrex/platform/bundles/org.eclipse.gyrex.http.registry

### Gyrex HTTP Component Jetty Engine
plugin@org.eclipse.gyrex.http.jetty=v20101122-1500,:pserver:anonymous@dev.eclipse.org:/cvsroot/technology,,org.eclipse.gyrex/platform/bundles/org.eclipse.gyrex.http.jetty

### Gyrex HTTP Component Logging
plugin@org.eclipse.gyrex.log.http=v20101108-1140,:pserver:anonymous@dev.eclipse.org:/cvsroot/technology,,org.eclipse.gyrex/platform/bundles/org.eclipse.gyrex.log.http

### Gyrex HTTP Component Equinox HttpService Integration
plugin@org.eclipse.gyrex.http.equinoxhttpservice=v20101113-2200,:pserver:anonymous@dev.eclipse.org:/cvsroot/technology,,org.eclipse.gyrex/platform/bundles/org.eclipse.gyrex.http.equinoxhttpservice


### Gyrex Toolkit
plugin@org.eclipse.gyrex.toolkit=v20101111-1055,:pserver:anonymous@dev.eclipse.org:/cvsroot/technology,,org.eclipse.gyrex/toolkit/bundles/org.eclipse.gyrex.toolkit
plugin@org.eclipse.gyrex.toolkit.runtime=HEAD,:pserver:anonymous@dev.eclipse.org:/cvsroot/technology,,org.eclipse.gyrex/toolkit/bundles/org.eclipse.gyrex.toolkit.runtime
plugin@org.eclipse.gyrex.toolkit.gwt.client=v20101109-0940,:pserver:anonymous@dev.eclipse.org:/cvsroot/technology,,org.eclipse.gyrex/toolkit/bundles/org.eclipse.gyrex.toolkit.gwt.client
plugin@org.eclipse.gyrex.toolkit.gwt.server=v20101108-1140,:pserver:anonymous@dev.eclipse.org:/cvsroot/technology,,org.eclipse.gyrex/toolkit/bundles/org.eclipse.gyrex.toolkit.gwt.server

### Gyrex GWT AddOns
plugin@org.eclipse.gyrex.gwt.common=v20101108-1140,:pserver:anonymous@dev.eclipse.org:/cvsroot/technology,,org.eclipse.gyrex/toolkit/bundles/org.eclipse.gyrex.gwt.common
plugin@org.eclipse.gyrex.gwt.service=v20101108-1140,:pserver:anonymous@dev.eclipse.org:/cvsroot/technology,,org.eclipse.gyrex/toolkit/bundles/org.eclipse.gyrex.gwt.service

### Gyrex Persistence Component
plugin@org.eclipse.gyrex.persistence=v20101108-1140,:pserver:anonymous@dev.eclipse.org:/cvsroot/technology,,org.eclipse.gyrex/platform/bundles/org.eclipse.gyrex.persistence
plugin@org.eclipse.gyrex.persistence.derby=v20101108-1610,:pserver:anonymous@dev.eclipse.org:/cvsroot/technology,,org.eclipse.gyrex/platform/bundles/org.eclipse.gyrex.persistence.derby
plugin@org.eclipse.gyrex.persistence.jdbc=v20101108-1140,:pserver:anonymous@dev.eclipse.org:/cvsroot/technology,,org.eclipse.gyrex/platform/bundles/org.eclipse.gyrex.persistence.jdbc
plugin@org.eclipse.gyrex.persistence.nondurable.map=v20101108-1140,:pserver:anonymous@dev.eclipse.org:/cvsroot/technology,,org.eclipse.gyrex/platform/bundles/org.eclipse.gyrex.persistence.nondurable.map
plugin@org.eclipse.gyrex.persistence.solr=v20101108-1140,:pserver:anonymous@dev.eclipse.org:/cvsroot/technology,,org.eclipse.gyrex/platform/bundles/org.eclipse.gyrex.persistence.solr
plugin@org.eclipse.gyrex.persistence.context.preferences=v20101108-1315,:pserver:anonymous@dev.eclipse.org:/cvsroot/technology,,org.eclipse.gyrex/platform/bundles/org.eclipse.gyrex.persistence.context.preferences



### Gyrex Model And Services
plugin@org.eclipse.gyrex.model.common=v20101108-1140,:pserver:anonymous@dev.eclipse.org:/cvsroot/technology,,org.eclipse.gyrex/services/bundles/org.eclipse.gyrex.model.common
plugin@org.eclipse.gyrex.services.common=v20101108-1140,:pserver:anonymous@dev.eclipse.org:/cvsroot/technology,,org.eclipse.gyrex/services/bundles/org.eclipse.gyrex.services.common

### Gyrex CDS
plugin@org.eclipse.gyrex.cds=v20101111-1055,:pserver:anonymous@dev.eclipse.org:/cvsroot/technology,,org.eclipse.gyrex/services/bundles/org.eclipse.gyrex.cds
plugin@org.eclipse.gyrex.cds.solr=v20101111-1330,:pserver:anonymous@dev.eclipse.org:/cvsroot/technology,,org.eclipse.gyrex/services/bundles/org.eclipse.gyrex.cds.solr

### Gyrex Server
plugin@org.eclipse.gyrex.server.defaultroles=v20101108-1140,:pserver:anonymous@dev.eclipse.org:/cvsroot/technology,,org.eclipse.gyrex/platform/bundles/org.eclipse.gyrex.server.defaultroles