###############################################################################
# Copyright (c) 2009 AGETO Service GmbH and others.
# All rights reserved.
#
# This program and the accompanying materials are made available under the
# terms of the Eclipse Public License v1.0 which accompanies this distribution,
# and is available at http://www.eclipse.org/legal/epl-v10.html.
#
# Contributors:
#     Gunnar Wagenknecht - initial API and implementation
###############################################################################

### features
feature@org.eclipse.gyrex.features=v20100608-0840,:pserver:anonymous@dev.eclipse.org:/cvsroot/technology,,org.eclipse.gyrex/releng/org.eclipse.gyrex.releng/features
feature@org.eclipse.gyrex.features.sdk=v20100608-0840,:pserver:anonymous@dev.eclipse.org:/cvsroot/technology,,org.eclipse.gyrex/releng/org.eclipse.gyrex.releng/features/org.eclipse.gyrex.features.sdk
feature@org.eclipse.gyrex.features.kernel=v20100608-0840,:pserver:anonymous@dev.eclipse.org:/cvsroot/technology,,org.eclipse.gyrex/releng/org.eclipse.gyrex.releng/features/org.eclipse.gyrex.features.kernel
feature@org.eclipse.gyrex.features.http=v20100608-0840,:pserver:anonymous@dev.eclipse.org:/cvsroot/technology,,org.eclipse.gyrex/releng/org.eclipse.gyrex.releng/features/org.eclipse.gyrex.features.http
feature@org.eclipse.gyrex.features.web=HEAD,:pserver:anonymous@dev.eclipse.org:/cvsroot/technology,,org.eclipse.gyrex/releng/org.eclipse.gyrex.releng/features/org.eclipse.gyrex.features.web
feature@org.eclipse.gyrex.features.admin=v20100608-0840,:pserver:anonymous@dev.eclipse.org:/cvsroot/technology,,org.eclipse.gyrex/releng/org.eclipse.gyrex.releng/features/org.eclipse.gyrex.features.admin
feature@org.eclipse.gyrex.features.server=v20100608-0840,:pserver:anonymous@dev.eclipse.org:/cvsroot/technology,,org.eclipse.gyrex/releng/org.eclipse.gyrex.releng/features/org.eclipse.gyrex.features.server

### dependency features
feature@org.eclipse.gyrex.features.dependencies.commons=v20100608-0840,:pserver:anonymous@dev.eclipse.org:/cvsroot/technology,,org.eclipse.gyrex/releng/org.eclipse.gyrex.releng/features/org.eclipse.gyrex.features.dependencies.commons
feature@org.eclipse.gyrex.features.dependencies.provisioning=v20100608-1111,:pserver:anonymous@dev.eclipse.org:/cvsroot/technology,,org.eclipse.gyrex/releng/org.eclipse.gyrex.releng/features/org.eclipse.gyrex.features.dependencies.provisioning
feature@org.eclipse.gyrex.features.dependencies.web=v20100608-0840,:pserver:anonymous@dev.eclipse.org:/cvsroot/technology,,org.eclipse.gyrex/releng/org.eclipse.gyrex.releng/features/org.eclipse.gyrex.features.dependencies.web

### Gyrex Kernel
#plugin@org.eclipse.gyrex.=HEAD,:pserver:anonymous@dev.eclipse.org:/cvsroot/technology,,org.eclipse.gyrex/platform/bundles/
plugin@org.eclipse.gyrex.boot=v20100607-1005,:pserver:anonymous@dev.eclipse.org:/cvsroot/technology,,org.eclipse.gyrex/platform/bundles/org.eclipse.gyrex.boot
plugin@org.eclipse.gyrex.boot.defaultroles=HEAD,:pserver:anonymous@dev.eclipse.org:/cvsroot/technology,,org.eclipse.gyrex/platform/bundles/org.eclipse.gyrex.boot.defaultroles
plugin@org.eclipse.gyrex.common=v20100607-1005,:pserver:anonymous@dev.eclipse.org:/cvsroot/technology,,org.eclipse.gyrex/platform/bundles/org.eclipse.gyrex.common
plugin@org.eclipse.gyrex.configuration=v20100607-1005,:pserver:anonymous@dev.eclipse.org:/cvsroot/technology,,org.eclipse.gyrex/platform/bundles/org.eclipse.gyrex.configuration
plugin@org.eclipse.gyrex.configuration.impl=v20100607-1005,:pserver:anonymous@dev.eclipse.org:/cvsroot/technology,,org.eclipse.gyrex/platform/bundles/org.eclipse.gyrex.configuration.impl
plugin@org.eclipse.gyrex.context=v20100607-1005,:pserver:anonymous@dev.eclipse.org:/cvsroot/technology,,org.eclipse.gyrex/platform/bundles/org.eclipse.gyrex.context
plugin@org.eclipse.gyrex.log=v20100607-1005,:pserver:anonymous@dev.eclipse.org:/cvsroot/technology,,org.eclipse.gyrex/platform/bundles/org.eclipse.gyrex.log
fragment@org.eclipse.gyrex.log.slf4j.integration=v20100607-1005,:pserver:anonymous@dev.eclipse.org:/cvsroot/technology,,org.eclipse.gyrex/platform/bundles/org.eclipse.gyrex.log.slf4j.integration
plugin@org.eclipse.gyrex.monitoring=v20100607-1005,:pserver:anonymous@dev.eclipse.org:/cvsroot/technology,,org.eclipse.gyrex/platform/bundles/org.eclipse.gyrex.monitoring
plugin@org.eclipse.gyrex.preferences=v20100607-1005,:pserver:anonymous@dev.eclipse.org:/cvsroot/technology,,org.eclipse.gyrex/platform/bundles/org.eclipse.gyrex.preferences
plugin@org.eclipse.gyrex.=HEAD,:pserver:anonymous@dev.eclipse.org:/cvsroot/technology,,org.eclipse.gyrex/platform/bundles/org.eclipse.gyrex.

### Gyrex Admin
plugin@org.eclipse.gyrex.admin=v20100607-1005,:pserver:anonymous@dev.eclipse.org:/cvsroot/technology,,org.eclipse.gyrex/platform/bundles/org.eclipse.gyrex.admin
plugin@org.eclipse.gyrex.admin.web.gwt=v20100607-1005,:pserver:anonymous@dev.eclipse.org:/cvsroot/technology,,org.eclipse.gyrex/platform/bundles/org.eclipse.gyrex.admin.web.gwt
plugin@org.eclipse.gyrex.admin.web.gwt.client=v20100607-1005,:pserver:anonymous@dev.eclipse.org:/cvsroot/technology,,org.eclipse.gyrex/platform/bundles/org.eclipse.gyrex.admin.web.gwt.client

### Gyrex HTTP Component
plugin@org.eclipse.gyrex.http=v20100607-1005,:pserver:anonymous@dev.eclipse.org:/cvsroot/technology,,org.eclipse.gyrex/platform/bundles/org.eclipse.gyrex.http
fragment@org.eclipse.gyrex.http.errorpagehandler=v20100607-1005,:pserver:anonymous@dev.eclipse.org:/cvsroot/technology,,org.eclipse.gyrex/platform/bundles/org.eclipse.gyrex.http.errorpagehandler
plugin@org.eclipse.gyrex.http.errorpagehandler.resources=v20100607-1005,:pserver:anonymous@dev.eclipse.org:/cvsroot/technology,,org.eclipse.gyrex/platform/bundles/org.eclipse.gyrex.http.errorpagehandler.resources
plugin@org.eclipse.gyrex.http.registry=v20100607-1005,:pserver:anonymous@dev.eclipse.org:/cvsroot/technology,,org.eclipse.gyrex/platform/bundles/org.eclipse.gyrex.http.registry

### Gyrex HTTP Component Jetty Engine
plugin@org.eclipse.gyrex.http.jetty=v20100607-1005,:pserver:anonymous@dev.eclipse.org:/cvsroot/technology,,org.eclipse.gyrex/platform/bundles/org.eclipse.gyrex.http.jetty

### Gyrex Toolkit
plugin@org.eclipse.gyrex.toolkit=v20100607-1005,:pserver:anonymous@dev.eclipse.org:/cvsroot/technology,,org.eclipse.gyrex/toolkit/bundles/org.eclipse.gyrex.toolkit
plugin@org.eclipse.gyrex.toolkit.runtime=HEAD,:pserver:anonymous@dev.eclipse.org:/cvsroot/technology,,org.eclipse.gyrex/toolkit/bundles/org.eclipse.gyrex.toolkit.runtime
plugin@org.eclipse.gyrex.toolkit.gwt.client=v20100607-1005,:pserver:anonymous@dev.eclipse.org:/cvsroot/technology,,org.eclipse.gyrex/toolkit/bundles/org.eclipse.gyrex.toolkit.gwt.client
plugin@org.eclipse.gyrex.toolkit.gwt.server=v20100607-1005,:pserver:anonymous@dev.eclipse.org:/cvsroot/technology,,org.eclipse.gyrex/toolkit/bundles/org.eclipse.gyrex.toolkit.gwt.server

### Gyrex GWT AddOns
plugin@org.eclipse.gyrex.gwt.common=v20100607-1005,:pserver:anonymous@dev.eclipse.org:/cvsroot/technology,,org.eclipse.gyrex/toolkit/bundles/org.eclipse.gyrex.gwt.common
plugin@org.eclipse.gyrex.gwt.service=v20100607-1005,:pserver:anonymous@dev.eclipse.org:/cvsroot/technology,,org.eclipse.gyrex/toolkit/bundles/org.eclipse.gyrex.gwt.service

### Gyrex Persistence Component
plugin@org.eclipse.gyrex.persistence=v20100607-1005,:pserver:anonymous@dev.eclipse.org:/cvsroot/technology,,org.eclipse.gyrex/platform/bundles/org.eclipse.gyrex.persistence
plugin@org.eclipse.gyrex.persistence.derby=v20100607-1005,:pserver:anonymous@dev.eclipse.org:/cvsroot/technology,,org.eclipse.gyrex/platform/bundles/org.eclipse.gyrex.persistence.derby
plugin@org.eclipse.gyrex.persistence.jdbc=v20100607-1005,:pserver:anonymous@dev.eclipse.org:/cvsroot/technology,,org.eclipse.gyrex/platform/bundles/org.eclipse.gyrex.persistence.jdbc
plugin@org.eclipse.gyrex.persistence.nondurable.map=v20100607-1005,:pserver:anonymous@dev.eclipse.org:/cvsroot/technology,,org.eclipse.gyrex/platform/bundles/org.eclipse.gyrex.persistence.nondurable.map
plugin@org.eclipse.gyrex.persistence.solr=v20100607-1005,:pserver:anonymous@dev.eclipse.org:/cvsroot/technology,,org.eclipse.gyrex/platform/bundles/org.eclipse.gyrex.persistence.solr

### Gyrex Server
plugin@org.eclipse.gyrex.server.defaultroles=v20100607-1005,:pserver:anonymous@dev.eclipse.org:/cvsroot/technology,,org.eclipse.gyrex/platform/bundles/org.eclipse.gyrex.server.defaultroles

### Equinox HTTP Helpers
plugin@org.eclipse.equinox.http.helper=v20100607-1005,:pserver:anonymous@dev.eclipse.org:/cvsroot/rt,,org.eclipse.equinox/incubator/server-side/bundles/org.eclipse.equinox.http.helper