####################
# Gyrex Components #
####################
#
# This files lists all Gyrex components.

### features
feature@org.eclipse.gyrex.features.master=GIT,tag=v20120423-0945,repo=git://git.eclipse.org/gitroot/gyrex/gyrex-releng.git,path=org.eclipse.gyrex.releng/features/org.eclipse.gyrex.features.master
feature@org.eclipse.gyrex.features.sdk=GIT,tag=v20120423-0945,repo=git://git.eclipse.org/gitroot/gyrex/gyrex-releng.git,path=org.eclipse.gyrex.releng/features/org.eclipse.gyrex.features.sdk
feature@org.eclipse.gyrex.features.sdk.withoutdeps=GIT,tag=v20120423-0945,repo=git://git.eclipse.org/gitroot/gyrex/gyrex-releng.git,path=org.eclipse.gyrex.releng/features/org.eclipse.gyrex.features.sdk.withoutdeps
feature@org.eclipse.gyrex.features.kernel=GIT,tag=v20120423-0945,repo=git://git.eclipse.org/gitroot/gyrex/gyrex-releng.git,path=org.eclipse.gyrex.releng/features/org.eclipse.gyrex.features.kernel
feature@org.eclipse.gyrex.features.http=GIT,tag=v20120423-0945,repo=git://git.eclipse.org/gitroot/gyrex/gyrex-releng.git,path=org.eclipse.gyrex.releng/features/org.eclipse.gyrex.features.http
feature@org.eclipse.gyrex.features.admin=GIT,tag=v20120423-0945,repo=git://git.eclipse.org/gitroot/gyrex/gyrex-releng.git,path=org.eclipse.gyrex.releng/features/org.eclipse.gyrex.features.admin
feature@org.eclipse.gyrex.features.server=GIT,tag=v20120423-0945,repo=git://git.eclipse.org/gitroot/gyrex/gyrex-releng.git,path=org.eclipse.gyrex.releng/features/org.eclipse.gyrex.features.server
feature@org.eclipse.gyrex.features.modelandservices=GIT,tag=v20120423-0945,repo=git://git.eclipse.org/gitroot/gyrex/gyrex-releng.git,path=org.eclipse.gyrex.releng/features/org.eclipse.gyrex.features.modelandservices
feature@org.eclipse.gyrex.features.processing=GIT,tag=v20120423-0945,repo=git://git.eclipse.org/gitroot/gyrex/gyrex-releng.git,path=org.eclipse.gyrex.releng/features/org.eclipse.gyrex.features.processing

### dependency features
feature@org.eclipse.gyrex.features.dependencies.commons=GIT,tag=v20120423-0945,repo=git://git.eclipse.org/gitroot/gyrex/gyrex-releng.git,path=org.eclipse.gyrex.releng/features/org.eclipse.gyrex.features.dependencies.commons
feature@org.eclipse.gyrex.features.dependencies.provisioning=GIT,tag=v20120423-0945,repo=git://git.eclipse.org/gitroot/gyrex/gyrex-releng.git,path=org.eclipse.gyrex.releng/features/org.eclipse.gyrex.features.dependencies.provisioning
feature@org.eclipse.gyrex.features.dependencies.web=GIT,tag=v20120423-0945,repo=git://git.eclipse.org/gitroot/gyrex/gyrex-releng.git,path=org.eclipse.gyrex.releng/features/org.eclipse.gyrex.features.dependencies.web
feature@org.eclipse.gyrex.features.dependencies.processing=GIT,tag=v20120423-0945,repo=git://git.eclipse.org/gitroot/gyrex/gyrex-releng.git,path=org.eclipse.gyrex.releng/features/org.eclipse.gyrex.features.dependencies.processing
feature@org.eclipse.gyrex.features.dependencies.solr=GIT,tag=v20120423-0945,repo=git://git.eclipse.org/gitroot/gyrex/gyrex-releng.git,path=org.eclipse.gyrex.releng/features/org.eclipse.gyrex.features.dependencies.solr
feature@org.eclipse.gyrex.features.dependencies.persistence=GIT,tag=v20120423-0945,repo=git://git.eclipse.org/gitroot/gyrex/gyrex-releng.git,path=org.eclipse.gyrex.releng/features/org.eclipse.gyrex.features.dependencies.persistence
feature@org.eclipse.gyrex.features.dependencies.admin=GIT,tag=v20120423-0945,repo=git://git.eclipse.org/gitroot/gyrex/gyrex-releng.git,path=org.eclipse.gyrex.releng/features/org.eclipse.gyrex.features.dependencies.admin
feature@org.eclipse.gyrex.features.dependencies.eclipselink=GIT,tag=v20120423-0945,repo=git://git.eclipse.org/gitroot/gyrex/gyrex-releng.git,path=org.eclipse.gyrex.releng/features/org.eclipse.gyrex.features.dependencies.eclipselink

### Gyrex Kernel
plugin@org.eclipse.gyrex.boot=GIT,tag=v20120423-0944,repo=git://git.eclipse.org/gitroot/gyrex/gyrex-platform.git,path=bundles/org.eclipse.gyrex.boot
plugin@org.eclipse.gyrex.boot.tests=GIT,tag=v20120109-2032,repo=git://git.eclipse.org/gitroot/gyrex/gyrex-platform.git,path=bundles/org.eclipse.gyrex.boot.tests
plugin@org.eclipse.gyrex.common=GIT,tag=v20120426-0810,repo=git://git.eclipse.org/gitroot/gyrex/gyrex-platform.git,path=bundles/org.eclipse.gyrex.common
plugin@org.eclipse.gyrex.context=GIT,tag=v20120509-1115,repo=git://git.eclipse.org/gitroot/gyrex/gyrex-platform.git,path=bundles/org.eclipse.gyrex.context
plugin@org.eclipse.gyrex.context.tests=GIT,tag=v20120322-0702,repo=git://git.eclipse.org/gitroot/gyrex/gyrex-platform.git,path=bundles/org.eclipse.gyrex.context.tests
plugin@org.eclipse.gyrex.cloud=GIT,tag=v20120426-0938,repo=git://git.eclipse.org/gitroot/gyrex/gyrex-platform.git,path=bundles/org.eclipse.gyrex.cloud
plugin@org.eclipse.gyrex.cloud.tests=GIT,tag=v20120225-2128,repo=git://git.eclipse.org/gitroot/gyrex/gyrex-platform.git,path=bundles/org.eclipse.gyrex.cloud.tests
plugin@org.eclipse.gyrex.logback.config=GIT,tag=v20120319-2345,repo=git://git.eclipse.org/gitroot/gyrex/gyrex-platform.git,path=bundles/org.eclipse.gyrex.logback.config
plugin@org.eclipse.gyrex.monitoring=GIT,tag=v20120423-0944,repo=git://git.eclipse.org/gitroot/gyrex/gyrex-platform.git,path=bundles/org.eclipse.gyrex.monitoring
plugin@org.eclipse.gyrex.p2=GIT,tag=v20120109-2032,repo=git://git.eclipse.org/gitroot/gyrex/gyrex-platform.git,path=bundles/org.eclipse.gyrex.p2
plugin@org.eclipse.gyrex.preferences=GIT,tag=v20120423-0944,repo=git://git.eclipse.org/gitroot/gyrex/gyrex-platform.git,path=bundles/org.eclipse.gyrex.preferences
plugin@org.eclipse.gyrex.preferences.tests=GIT,tag=v20120109-2032,repo=git://git.eclipse.org/gitroot/gyrex/gyrex-platform.git,path=bundles/org.eclipse.gyrex.preferences.tests

### Framework Log Hook
fragment@org.eclipse.gyrex.frameworklogadapter=GIT,tag=v20120109-2032,repo=git://git.eclipse.org/gitroot/gyrex/gyrex-platform.git,path=bundles/org.eclipse.gyrex.frameworklogadapter

### Gyrex Jobs
plugin@org.eclipse.gyrex.jobs=GIT,tag=v20120507-1234,repo=git://git.eclipse.org/gitroot/gyrex/gyrex-platform.git,path=bundles/org.eclipse.gyrex.jobs

### Gyrex Admin
plugin@org.eclipse.gyrex.admin.ui=GIT,tag=v20120509-1127,repo=git://git.eclipse.org/gitroot/gyrex/gyrex-admin.git,path=bundles/org.eclipse.gyrex.admin.ui
plugin@org.eclipse.gyrex.admin.ui.cloud=GIT,tag=v20120124-0733,repo=git://git.eclipse.org/gitroot/gyrex/gyrex-admin.git,path=bundles/org.eclipse.gyrex.admin.ui.cloud
plugin@org.eclipse.gyrex.admin.ui.http=GIT,tag=v20120325-2340,repo=git://git.eclipse.org/gitroot/gyrex/gyrex-admin.git,path=bundles/org.eclipse.gyrex.admin.ui.http
plugin@org.eclipse.gyrex.admin.ui.http.jetty=GIT,tag=v20120106-1330,repo=git://git.eclipse.org/gitroot/gyrex/gyrex-admin.git,path=bundles/org.eclipse.gyrex.admin.ui.http.jetty
plugin@org.eclipse.gyrex.admin.ui.logback=GIT,tag=v20120319-2345,repo=git://git.eclipse.org/gitroot/gyrex/gyrex-admin.git,path=bundles/org.eclipse.gyrex.admin.ui.logback
plugin@org.eclipse.gyrex.admin.ui.jobs=GIT,tag=v20120124-0733,repo=git://git.eclipse.org/gitroot/gyrex/gyrex-admin.git,path=bundles/org.eclipse.gyrex.admin.ui.jobs
plugin@org.eclipse.gyrex.admin.ui.p2=GIT,tag=v20120319-2232,repo=git://git.eclipse.org/gitroot/gyrex/gyrex-admin.git,path=bundles/org.eclipse.gyrex.admin.ui.p2
plugin@org.eclipse.gyrex.admin.ui.context=GIT,tag=v20120201-0757,repo=git://git.eclipse.org/gitroot/gyrex/gyrex-admin.git,path=bundles/org.eclipse.gyrex.admin.ui.context
plugin@org.eclipse.gyrex.admin.ui.persistence=GIT,tag=v20120206-1345,repo=git://git.eclipse.org/gitroot/gyrex/gyrex-admin.git,path=bundles/org.eclipse.gyrex.admin.ui.persistence

### Gyrex HTTP Component
plugin@org.eclipse.gyrex.http=GIT,tag=v20120423-0944,repo=git://git.eclipse.org/gitroot/gyrex/gyrex-platform.git,path=bundles/org.eclipse.gyrex.http
plugin@org.eclipse.gyrex.http.registry=GIT,tag=v20120423-0944,repo=git://git.eclipse.org/gitroot/gyrex/gyrex-platform.git,path=bundles/org.eclipse.gyrex.http.registry
plugin@org.eclipse.gyrex.http.tests=GIT,tag=v20120423-0944,repo=git://git.eclipse.org/gitroot/gyrex/gyrex-platform.git,path=bundles/org.eclipse.gyrex.http.tests

### Gyrex HTTP Component Jetty Engine
plugin@org.eclipse.gyrex.http.jetty=GIT,tag=v20120423-0944,repo=git://git.eclipse.org/gitroot/gyrex/gyrex-platform.git,path=bundles/org.eclipse.gyrex.http.jetty

### Gyrex HTTP Component Logging
plugin@org.eclipse.gyrex.http.log=GIT,tag=v20120109-2032,repo=git://git.eclipse.org/gitroot/gyrex/gyrex-platform.git,path=bundles/org.eclipse.gyrex.http.log

### Gyrex HTTP Component Equinox HttpService Integration
plugin@org.eclipse.gyrex.http.equinoxhttpservice=GIT,tag=v20120321-2059,repo=git://git.eclipse.org/gitroot/gyrex/gyrex-platform.git,path=bundles/org.eclipse.gyrex.http.equinoxhttpservice

### Gyrex Persistence Component
plugin@org.eclipse.gyrex.persistence=GIT,tag=v20120423-0944,repo=git://git.eclipse.org/gitroot/gyrex/gyrex-platform.git,path=bundles/org.eclipse.gyrex.persistence
plugin@org.eclipse.gyrex.persistence.tests=GIT,tag=v20120423-0944,repo=git://git.eclipse.org/gitroot/gyrex/gyrex-platform.git,path=bundles/org.eclipse.gyrex.persistence.tests
plugin@org.eclipse.gyrex.persistence.derby=GIT,tag=v20120423-0944,repo=git://git.eclipse.org/gitroot/gyrex/gyrex-platform.git,path=bundles/org.eclipse.gyrex.persistence.derby
plugin@org.eclipse.gyrex.persistence.derby.tests=GIT,tag=v20120423-0944,repo=git://git.eclipse.org/gitroot/gyrex/gyrex-platform.git,path=bundles/org.eclipse.gyrex.persistence.derby.tests
plugin@org.eclipse.gyrex.persistence.jdbc=GIT,tag=v20120423-0944,repo=git://git.eclipse.org/gitroot/gyrex/gyrex-platform.git,path=bundles/org.eclipse.gyrex.persistence.jdbc
plugin@org.eclipse.gyrex.persistence.nondurable.map=GIT,tag=v20120423-0944,repo=git://git.eclipse.org/gitroot/gyrex/gyrex-platform.git,path=bundles/org.eclipse.gyrex.persistence.nondurable.map
plugin@org.eclipse.gyrex.persistence.context.preferences=GIT,tag=v20120423-0944,repo=git://git.eclipse.org/gitroot/gyrex/gyrex-platform.git,path=bundles/org.eclipse.gyrex.persistence.context.preferences
plugin@org.eclipse.gyrex.persistence.eclipselink=GIT,tag=v20120225-1932,repo=git://git.eclipse.org/gitroot/gyrex/gyrex-platform.git,path=bundles/org.eclipse.gyrex.persistence.eclipselink

### Gyrex Model And Services
plugin@org.eclipse.gyrex.model.common=GIT,tag=v20120423-0944,repo=git://git.eclipse.org/gitroot/gyrex/gyrex-platform.git,path=bundles/org.eclipse.gyrex.model.common
plugin@org.eclipse.gyrex.services.common=GIT,tag=v20120423-0944,repo=git://git.eclipse.org/gitroot/gyrex/gyrex-platform.git,path=bundles/org.eclipse.gyrex.services.common

### Gyrex Search
plugin@org.eclipse.gyrex.persistence.solr=GIT,tag=v20120423-0947,repo=git://git.eclipse.org/gitroot/gyrex/addons/gyrex-search.git,path=bundles/org.eclipse.gyrex.persistence.solr
plugin@org.eclipse.gyrex.search=GIT,tag=v20120423-0947,repo=git://git.eclipse.org/gitroot/gyrex/addons/gyrex-search.git,path=bundles/org.eclipse.gyrex.search
plugin@org.eclipse.gyrex.search.tests=GIT,tag=v20120109-1556,repo=git://git.eclipse.org/gitroot/gyrex/addons/gyrex-search.git,path=bundles/org.eclipse.gyrex.search.tests

### Gyrex Server
plugin@org.eclipse.gyrex.server.defaultroles=GIT,tag=v20120423-0944,repo=git://git.eclipse.org/gitroot/gyrex/gyrex-platform.git,path=bundles/org.eclipse.gyrex.server.defaultroles
plugin@org.eclipse.gyrex.server.tests=GIT,tag=v20120109-2032,repo=git://git.eclipse.org/gitroot/gyrex/gyrex-platform.git,path=bundles/org.eclipse.gyrex.server.tests

### Master Test Feature
feature@org.eclipse.gyrex.features.tests=GIT,tag=v20120423-0945,repo=git://git.eclipse.org/gitroot/gyrex/gyrex-releng.git,path=org.eclipse.gyrex.releng/features/org.eclipse.gyrex.features.tests

